---
source: tests/generate_plan_tests.rs
expression: plan
---
{
  "providers": [],
  "buildImage": "[build_image]",
  "variables": {
    "NIXPACKS_METADATA": "zig"
  },
  "phases": {
    "build": {
      "name": "build",
      "dependsOn": [
        "install"
      ],
      "cmds": [
        "zig build -Drelease-safe=true"
      ]
    },
    "install": {
      "name": "install",
      "dependsOn": [
        "setup"
      ]
    },
    "setup": {
      "name": "setup",
      "nixPkgs": [
        "zig"
      ],
      "nixOverlays": [],
      "nixpkgsArchive": "[archive]"
    }
  },
  "start": {
    "cmd": "./zig-out/bin/zig"
  }
}
