---
source: tests/generate_plan_tests.rs
expression: plan
---
{
  "version": "0.2.9",
  "setup": {
    "pkgs": [],
    "archive": "9eb60f25aff0d2218c848dd4574a0ab5e296cabe",
    "libraries": [],
    "apt_pkgs": [],
    "baseImage": "ghcr.io/railwayapp/nixpacks:debian-1657820962"
  },
  "install": {},
  "build": {},
  "start": {},
  "variables": {},
  "static_assets": {}
}
