---
source: tests/generate_plan_tests.rs
expression: plan
---
{
  "version": "[version]",
  "setup": {
    "pkgs": [
      {
        "name": "bun",
        "overlay": "https://github.com/railwayapp/nix-npm-overlay/archive/main.tar.gz"
      }
    ],
    "libraries": [],
    "apt_pkgs": [],
    "baseImage": "[baseImage]"
  },
  "install": {
    "cmds": [
      "bun i --no-save"
    ],
    "cacheDirectories": [
      "/root/.bun"
    ]
  },
  "build": {
    "cacheDirectories": [
      "node_modules/.cache"
    ]
  },
  "start": {
    "cmd": "bun index.ts"
  },
  "variables": {
    "CI": "true",
    "NODE_ENV": "production",
    "NPM_CONFIG_PRODUCTION": "false"
  },
  "static_assets": {}
}
