---
source: tests/generate_plan_tests.rs
expression: plan
---
{
  "providers": [],
  "buildImage": "[build_image]",
  "variables": {
    "CGO_ENABLED": "0",
    "NIXPACKS_METADATA": "golang"
  },
  "phases": {
    "build": {
      "name": "build",
      "dependsOn": [
        "install",
        "setup"
      ],
      "cmds": [
        "go build -o out main.go"
      ],
      "cacheDirectories": [
        "/root/.cache/go-build"
      ]
    },
    "setup": {
      "name": "setup",
      "nixPkgs": [
        "go"
      ],
      "nixOverlays": [],
      "nixpkgsArchive": "[archive]"
    }
  },
  "start": {
    "cmd": "./out",
    "runImage": "debian:bullseye-slim"
  }
}
