---
source: tests/generate_plan_tests.rs
expression: plan
---
{
  "version": "[version]",
  "setup": {
    "pkgs": [
      {
        "name": "coreutils"
      },
      {
        "name": "swift"
      },
      {
        "name": "clang"
      },
      {
        "name": "zlib"
      },
      {
        "name": "zlib.dev"
      }
    ],
    "archive": "[archive]",
    "libraries": [],
    "apt_pkgs": [],
    "baseImage": "[baseImage]"
  },
  "install": {
    "cmds": [
      "swift package resolve"
    ],
    "onlyIncludeFiles": [
      "Package.swift"
    ]
  },
  "build": {
    "cmds": [
      "CC=clang++ swift build -c release --static-swift-stdlib",
      "cp ./.build/release/swift ./swift && rm -rf ./.build"
    ]
  },
  "start": {
    "cmd": "./swift"
  },
  "variables": {},
  "static_assets": {}
}
