---
source: tests/generate_plan_tests.rs
expression: plan
---
{
  "nixpacksVersion": "[version]",
  "buildImage": "[build_image]",
  "phases": [
    {
      "name": "install",
      "dependsOn": [
        "setup"
      ],
      "commands": [
        "shards install"
      ]
    },
    {
      "name": "setup",
      "nixPackages": [
        {
          "name": "crystal"
        },
        {
          "name": "shards"
        }
      ]
    },
    {
      "name": "build",
      "dependsOn": [
        "install"
      ],
      "commands": [
        "shards build"
      ]
    }
  ],
  "startPhase": {
    "cmd": "./bin/crystal"
  }
}
