---
source: tests/generate_plan_tests.rs
expression: plan
---
{
  "nixpacksVersion": "[version]",
  "buildImage": "[build_image]",
  "phases": [
    {
      "name": "install",
      "dependsOn": [
        "setup"
      ]
    },
    {
      "name": "setup",
      "nixPackages": [
        {
          "name": "leiningen"
        },
        {
          "name": "jdk8"
        }
      ]
    },
    {
      "name": "build",
      "dependsOn": [
        "install"
      ],
      "commands": [
        "lein ring uberjar; if [ -f /app/target/uberjar/*standalone.jar ]; then  mv /app/target/uberjar/*standalone.jar /app/target/*standalone.jar; fi"
      ]
    }
  ],
  "startPhase": {
    "cmd": "java $JAVA_OPTS -jar /app/target/*standalone.jar"
  }
}
