---
source: tests/generate_plan_tests.rs
expression: plan
---
{
  "version": "0.2.9",
  "setup": {
    "pkgs": [
      {
        "name": "go"
      }
    ],
    "libraries": [],
    "apt_pkgs": [],
    "baseImage": "ghcr.io/railwayapp/nixpacks:debian-1657820962"
  },
  "install": {},
  "build": {
    "cmds": [
      "go build -o out main.go"
    ],
    "cacheDirectories": [
      "/root/.cache/go-build"
    ]
  },
  "start": {
    "cmd": "./out"
  },
  "variables": {
    "CGO_ENABLED": "1"
  },
  "static_assets": {}
}
