---
source: tests/generate_plan_tests.rs
expression: plan
---
{
  "version": "[version]",
  "setup": {
    "pkgs": [
      {
        "name": "maven"
      },
      {
        "name": "jdk8"
      }
    ],
    "libraries": [],
    "apt_pkgs": [],
    "baseImage": "ghcr.io/railwayapp/nixpacks:debian-1657820962"
  },
  "install": {},
  "build": {
    "cmds": [
      "mvn -DoutputFile=target/mvn-dependency-list.log -B -DskipTests clean dependency:list install"
    ]
  },
  "start": {
    "cmd": "java -Dserver.port=$PORT $JAVA_OPTS -jar target/*jar"
  },
  "variables": {},
  "static_assets": {}
}
