---
source: tests/generate_plan_tests.rs
expression: plan
---
{
  "variables": {
    "PORT": "80"
  },
  "phases": [
    {
      "name": "setup",
      "nixPackages": [
        {
          "name": "php"
        },
        {
          "name": "perl"
        },
        {
          "name": "nginx"
        },
        {
          "name": "phpPackages.composer"
        }
      ],
      "nixLibraries": [],
      "aptPackages": []
    },
    {
      "name": "install",
      "dependsOn": [
        "setup"
      ],
      "commands": [
        "mkdir -p /var/log/nginx && mkdir -p /var/cache/nginx"
      ]
    },
    {
      "name": "build",
      "dependsOn": [
        "install"
      ]
    }
  ],
  "startPhase": {
    "cmd": "([ -e /app/storage ] && chmod -R ugo+w /app/storage); perl /assets/transform-config.pl /assets/nginx.template.conf /nginx.conf && echo \"Server starting on port $PORT\" && (php-fpm -y /assets/php-fpm.conf & nginx -c /nginx.conf)"
  }
}
