---
source: tests/generate_plan_tests.rs
expression: plan
---
{
  "version": "[version]",
  "setup": {
    "pkgs": [
      {
        "name": "deno"
      }
    ],
    "libraries": [],
    "apt_pkgs": [],
    "baseImage": "[baseImage]"
  },
  "install": {},
  "build": {},
  "start": {
    "cmd": "deno run -A dev.ts"
  },
  "variables": {},
  "static_assets": {}
}
