---
source: tests/generate_plan_tests.rs
expression: plan
---
{
  "nixpacksVersion": "[version]",
  "buildImage": "[build_image]",
  "variables": {
    "BUNDLE_GEMFILE": "/app/Gemfile",
    "GEM_HOME": "/usr/local/rvm/gems/ruby-3.1.2",
    "GEM_PATH": "/usr/local/rvm/gems/ruby-3.1.2:/usr/local/rvm/gems/ruby-3.1.2@global"
  },
  "phases": [
    {
      "name": "node:setup",
      "nixPackages": [
        {
          "name": "nodejs-16_x"
        },
        {
          "name": "npm-8_x",
          "overlay": "https://github.com/railwayapp/nix-npm-overlay/archive/main.tar.gz"
        }
      ]
    },
    {
      "name": "setup",
      "aptPackages": [
        "procps"
      ],
      "commands": [
        "curl -sSL https://get.rvm.io | bash -s stable && . /etc/profile.d/rvm.sh",
        "rvm install ruby-3.1.2",
        "rvm --default use ruby-3.1.2",
        "gem install bundler:2.3.7",
        "echo 'source /usr/local/rvm/scripts/rvm' >> /root/.profile"
      ]
    },
    {
      "name": "node:install",
      "dependsOn": [
        "setup"
      ],
      "commands": [
        "npm ci"
      ],
      "cacheDirectories": [
        "/root/.npm"
      ],
      "paths": [
        "/app/node_modules/.bin"
      ]
    },
    {
      "name": "install",
      "dependsOn": [
        "setup"
      ],
      "commands": [
        "bundle install"
      ],
      "cacheDirectories": [
        "/root/.bundle/cache"
      ],
      "paths": [
        "/usr/local/rvm/rubies/ruby-3.1.2/bin",
        "/usr/local/rvm/gems/ruby-3.1.2/bin",
        "/usr/local/rvm/gems/ruby-3.1.2@global/bin"
      ]
    },
    {
      "name": "build",
      "dependsOn": [
        "install"
      ]
    }
  ],
  "startPhase": {
    "cmd": "ruby app.rb"
  }
}
