---
source: tests/generate_plan_tests.rs
expression: plan
---
{
  "version": "0.2.9",
  "setup": {
    "pkgs": [
      {
        "name": "coreutils"
      },
      {
        "name": "swift"
      },
      {
        "name": "clang"
      },
      {
        "name": "zlib"
      },
      {
        "name": "zlib.dev"
      }
    ],
    "archive": "c82b46413401efa740a0b994f52e9903a4f6dcd5",
    "libraries": [],
    "apt_pkgs": [],
    "baseImage": "ghcr.io/railwayapp/nixpacks:debian-1657820962"
  },
  "install": {
    "cmds": [
      "swift package resolve"
    ],
    "onlyIncludeFiles": [
      "Package.swift",
      "Package.resolved"
    ]
  },
  "build": {
    "cmds": [
      "CC=clang++ swift build -c release --static-swift-stdlib",
      "cp ./.build/release/Run ./Run && rm -rf ./.build"
    ]
  },
  "start": {
    "cmd": "./Run"
  },
  "variables": {},
  "static_assets": {}
}
