---
source: tests/generate_plan_tests.rs
expression: plan
---
{
  "nixpacksVersion": "[version]",
  "buildImage": "[build_image]",
  "variables": {},
  "staticAssets": {},
  "phases": [
    {
      "name": "setup",
      "nixPackages": [],
      "nixLibraries": [],
      "nixpacksArchive": "[archive]",
      "aptPackages": []
    },
    {
      "name": "install",
      "dependsOn": [
        "setup"
      ]
    },
    {
      "name": "build",
      "dependsOn": [
        "install"
      ]
    }
  ],
  "startPhase": {}
}
