---
source: tests/generate_plan_tests.rs
expression: plan
---
{
  "version": "[version]",
  "setup": {
    "pkgs": [
      {
        "name": "nodejs"
      },
      {
        "name": "yarn-1_x",
        "overlay": "https://github.com/railwayapp/nix-npm-overlay/archive/main.tar.gz"
      }
    ],
    "libraries": [],
    "apt_pkgs": [],
    "baseImage": "ghcr.io/railwayapp/nixpacks:debian-1657820962"
  },
  "install": {
    "cmds": [
      "yarn install --frozen-lockfile"
    ],
    "cacheDirectories": [
      "/usr/local/share/.cache/yarn/v6"
    ]
  },
  "build": {
    "cacheDirectories": [
      "packages/client/.next/cache",
      "node_modules/.cache"
    ]
  },
  "start": {},
  "variables": {
    "CI": "true",
    "NODE_ENV": "production",
    "NPM_CONFIG_PRODUCTION": "false"
  },
  "static_assets": {}
}
