---
source: tests/generate_plan_tests.rs
expression: plan
---
{
  "nixpacksVersion": "[version]",
  "buildImage": "[build_image]",
  "variables": {
    "ASPNETCORE_ENVIRONMENT": "Production",
    "ASPNETCORE_URLS": "http://0.0.0.0:3000",
    "DOTNET_ROOT": "/nix/var/nix/profiles/default/",
    "NIXPACKS_METADATA": "csharp"
  },
  "phases": [
    {
      "name": "install",
      "dependsOn": [
        "setup"
      ],
      "commands": [
        "dotnet restore"
      ]
    },
    {
      "name": "setup",
      "nixPackages": [
        {
          "name": "dotnet-sdk"
        }
      ]
    },
    {
      "name": "build",
      "dependsOn": [
        "install"
      ],
      "commands": [
        "dotnet publish --no-restore -c Release -o out"
      ]
    }
  ],
  "startPhase": {
    "cmd": "./out/csharp-api"
  }
}
