---
source: tests/generate_plan_tests.rs
expression: plan
---
{
  "providers": [],
  "buildImage": "[build_image]",
  "variables": {
    "NIXPACKS_METADATA": "java"
  },
  "phases": {
    "build": {
      "name": "build",
      "dependsOn": [
        "setup"
      ],
      "cmds": [
        "mvn -DoutputFile=target/mvn-dependency-list.log -B -DskipTests clean dependency:list install"
      ],
      "cacheDirectories": [
        ".m2/repository"
      ]
    },
    "setup": {
      "name": "setup",
      "nixPkgs": [
        "jdk",
        "maven"
      ],
      "nixOverlays": [],
      "nixpkgsArchive": "[archive]"
    }
  },
  "start": {
    "cmd": "java -Dserver.port=$PORT $JAVA_OPTS -jar target/*jar"
  }
}
