---
source: tests/generate_plan_tests.rs
expression: plan
---
{
  "variables": {},
  "phases": [
    {
      "name": "setup",
      "nixPackages": [],
      "nixLibraries": [],
      "nixpacksArchive": "9eb60f25aff0d2218c848dd4574a0ab5e296cabe",
      "aptPackages": []
    },
    {
      "name": "install",
      "dependsOn": [
        "setup"
      ]
    },
    {
      "name": "build",
      "dependsOn": [
        "install"
      ]
    }
  ],
  "startPhase": {}
}
