---
source: tests/generate_plan_tests.rs
expression: plan
---
{
  "providers": [],
  "buildImage": "[build_image]",
  "variables": {
    "CI": "true",
    "NIXPACKS_METADATA": "node,python",
    "NODE_ENV": "production",
    "NPM_CONFIG_PRODUCTION": "false",
    "PYTHONUNBUFFERED": "1"
  },
  "phases": {
    "build": {
      "name": "build",
      "dependsOn": [
        "install"
      ],
      "cacheDirectories": [
        "node_modules/.cache"
      ]
    },
    "install": {
      "name": "install",
      "dependsOn": [
        "setup"
      ],
      "cmds": [
        "npm i"
      ],
      "cacheDirectories": [
        "/root/.npm"
      ],
      "paths": [
        "/app/node_modules/.bin"
      ]
    },
    "python:install": {
      "name": "python:install",
      "dependsOn": [
        "python:setup"
      ]
    },
    "python:setup": {
      "name": "python:setup",
      "nixPkgs": [
        "python38",
        "gcc"
      ],
      "nixLibs": [
        "zlib",
        "stdenv.cc.cc.lib"
      ],
      "nixOverlays": [],
      "nixpkgsArchive": "[archive]"
    },
    "setup": {
      "name": "setup",
      "nixPkgs": [
        "nodejs-16_x",
        "npm-8_x"
      ],
      "nixOverlays": [
        "https://github.com/railwayapp/nix-npm-overlay/archive/main.tar.gz"
      ],
      "nixpkgsArchive": "[archive]"
    }
  },
  "start": {
    "cmd": "./start.sh"
  }
}
