---
source: tests/generate_plan_tests.rs
expression: plan
---
{
  "providers": [],
  "buildImage": "[build_image]",
  "variables": {
    "NIXPACKS_METADATA": "scala"
  },
  "phases": {
    "build": {
      "name": "build",
      "dependsOn": [
        "install",
        "setup"
      ],
      "cmds": [
        "sbt stage"
      ],
      "cacheDirectories": [
        "/root/.cache/coursier",
        "/root/.ivy2/cache",
        "/root/.sbt"
      ]
    },
    "setup": {
      "name": "setup",
      "nixPkgs": [
        "(sbt.override { jre = jdk17; })"
      ],
      "nixOverlays": [],
      "nixpkgsArchive": "[archive]"
    }
  },
  "start": {
    "cmd": "./target/universal/stage/bin/main",
    "runImage": "eclipse-temurin:17.0.5_8-jre-jammy",
    "onlyIncludeFiles": [
      "./target/universal"
    ]
  }
}
