---
source: tests/generate_plan_tests.rs
expression: plan
---
{
  "version": "0.2.9",
  "setup": {
    "pkgs": [
      {
        "name": "deno"
      }
    ],
    "libraries": [],
    "apt_pkgs": [],
    "baseImage": "ghcr.io/railwayapp/nixpacks:debian-1657820962"
  },
  "install": {},
  "build": {
    "cmds": [
      "deno cache src/index.ts"
    ]
  },
  "start": {
    "cmd": "deno run --allow-all src/index.ts"
  },
  "variables": {},
  "static_assets": {}
}
